"20-error-invalid-character.cl", line 2:13, Lexical error: Invalid character: #
Compilation halted
